Assembler report for dti_seq_dect_fsm
Sun Oct 19 13:56:34 2025
Quartus Prime Version 24.1std.0 Build 1077 03/04/2025 SC Lite Edition


---------------------
; Table of Contents ;
---------------------
  1. Legal Notice
  2. Assembler Summary
  3. Assembler Settings
  4. Assembler Generated Files
  5. Assembler Device Options: D:/backup_later/ET4356/QuestaSim/lab_main/lab_0_0410_basic/output_files/dti_seq_dect_fsm.sof
  6. Assembler Messages



----------------
; Legal Notice ;
----------------
Copyright (C) 2025  Altera Corporation. All rights reserved.
Your use of Altera Corporation's design tools, logic functions 
and other software and tools, and any partner logic 
functions, and any output files from any of the foregoing 
(including device programming or simulation files), and any 
associated documentation or information are expressly subject 
to the terms and conditions of the Altera Program License 
Subscription Agreement, the Altera Quartus Prime License Agreement,
the Altera IP License Agreement, or other applicable license
agreement, including, without limitation, that your use is for
the sole purpose of programming logic devices manufactured by
Altera and sold by Altera or its authorized distributors.  Please
refer to the Altera Software License Subscription Agreements 
on the Quartus Prime software download page.



+---------------------------------------------------------------+
; Assembler Summary                                             ;
+-----------------------+---------------------------------------+
; Assembler Status      ; Successful - Sun Oct 19 13:56:34 2025 ;
; Revision Name         ; dti_seq_dect_fsm                      ;
; Top-level Entity Name ; dti_seq_dect_fsm                      ;
; Family                ; Cyclone IV E                          ;
; Device                ; EP4CE115F29C7                         ;
+-----------------------+---------------------------------------+


+----------------------------------+
; Assembler Settings               ;
+--------+---------+---------------+
; Option ; Setting ; Default Value ;
+--------+---------+---------------+


+----------------------------------------------------------------------------------------------+
; Assembler Generated Files                                                                    ;
+----------------------------------------------------------------------------------------------+
; File Name                                                                                    ;
+----------------------------------------------------------------------------------------------+
; D:/backup_later/ET4356/QuestaSim/lab_main/lab_0_0410_basic/output_files/dti_seq_dect_fsm.sof ;
+----------------------------------------------------------------------------------------------+


+------------------------------------------------------------------------------------------------------------------------+
; Assembler Device Options: D:/backup_later/ET4356/QuestaSim/lab_main/lab_0_0410_basic/output_files/dti_seq_dect_fsm.sof ;
+----------------+-------------------------------------------------------------------------------------------------------+
; Option         ; Setting                                                                                               ;
+----------------+-------------------------------------------------------------------------------------------------------+
; JTAG usercode  ; 0x00563FAF                                                                                            ;
; Checksum       ; 0x00563FAF                                                                                            ;
+----------------+-------------------------------------------------------------------------------------------------------+


+--------------------+
; Assembler Messages ;
+--------------------+
Info: *******************************************************************
Info: Running Quartus Prime Assembler
    Info: Version 24.1std.0 Build 1077 03/04/2025 SC Lite Edition
    Info: Processing started: Sun Oct 19 13:56:31 2025
Info: Command: quartus_asm --read_settings_files=off --write_settings_files=off dti_seq_dect_fsm -c dti_seq_dect_fsm
Warning (18236): Number of processors has not been specified which may cause overloading on shared machines.  Set the global assignment NUM_PARALLEL_PROCESSORS in your QSF to an appropriate value for best performance.
Info (115031): Writing out detailed assembly data for power analysis
Info (115030): Assembler is generating device programming files
Info: Quartus Prime Assembler was successful. 0 errors, 1 warning
    Info: Peak virtual memory: 4986 megabytes
    Info: Processing ended: Sun Oct 19 13:56:34 2025
    Info: Elapsed time: 00:00:03
    Info: Total CPU time (on all processors): 00:00:02


